// Jest Snapshot v1, https://goo.gl/fbAQLP

exports[`<Countdown /> should render correctly 1`] = `
<div
  className="col-sm-6 event_counter_container text-center"
>
  <div
    className="container-countdown"
  >
    <div
      className="countdown-box"
    >
      <span
        className="counter"
      >
        1
      </span>
      <h4>
        Days
      </h4>
    </div>
    <div
      className="countdown-box"
    >
      <span
        className="counter"
      >
        1
      </span>
      <h4>
        Hours
      </h4>
    </div>
    <div
      className="countdown-box"
    >
      <span
        className="counter"
      >
        27
      </span>
      <h4>
        Minutes
      </h4>
    </div>
    <div
      className="countdown-box"
    >
      <span
        className="counter"
      >
        30
      </span>
      <h4>
        Seconds
      </h4>
    </div>
  </div>
  <GatsbyLink
    className="btn btn-charity-default"
    to="/apply"
  >
    Apply
  </GatsbyLink>
</div>
`;
