// Jest Snapshot v1, https://goo.gl/fbAQLP

exports[`<Countdown /> should match snapshot 1`] = `
ShallowWrapper {
  "length": 1,
  Symbol(enzyme.__root__): [Circular],
  Symbol(enzyme.__unrendered__): <Countdown />,
  Symbol(enzyme.__renderer__): Object {
    "batchedUpdates": [Function],
    "getNode": [Function],
    "render": [Function],
    "simulateEvent": [Function],
    "unmount": [Function],
  },
  Symbol(enzyme.__node__): Object {
    "instance": null,
    "key": undefined,
    "nodeType": "host",
    "props": Object {
      "children": Array [
        <div
          className="container-countdown"
        >
          <div
            className="countdown-box"
          >
            <span
              className="counter"
            >
              1
            </span>
            <h4>
              Days
            </h4>
          </div>
          <div
            className="countdown-box"
          >
            <span
              className="counter"
            >
              1
            </span>
            <h4>
              Hours
            </h4>
          </div>
          <div
            className="countdown-box"
          >
            <span
              className="counter"
            >
              27
            </span>
            <h4>
              Minutes
            </h4>
          </div>
          <div
            className="countdown-box"
          >
            <span
              className="counter"
            >
              30
            </span>
            <h4>
              Seconds
            </h4>
          </div>
        </div>,
        <GatsbyLink
          className="btn btn-charity-default"
          to="/apply"
        >
          Apply
        </GatsbyLink>,
      ],
      "className": "col-sm-6 event_counter_container text-center",
    },
    "ref": null,
    "rendered": Array [
      Object {
        "instance": null,
        "key": undefined,
        "nodeType": "host",
        "props": Object {
          "children": Array [
            <div
              className="countdown-box"
            >
              <span
                className="counter"
              >
                1
              </span>
              <h4>
                Days
              </h4>
            </div>,
            <div
              className="countdown-box"
            >
              <span
                className="counter"
              >
                1
              </span>
              <h4>
                Hours
              </h4>
            </div>,
            <div
              className="countdown-box"
            >
              <span
                className="counter"
              >
                27
              </span>
              <h4>
                Minutes
              </h4>
            </div>,
            <div
              className="countdown-box"
            >
              <span
                className="counter"
              >
                30
              </span>
              <h4>
                Seconds
              </h4>
            </div>,
          ],
          "className": "container-countdown",
        },
        "ref": null,
        "rendered": Array [
          Object {
            "instance": null,
            "key": undefined,
            "nodeType": "host",
            "props": Object {
              "children": Array [
                <span
                  className="counter"
                >
                  1
                </span>,
                <h4>
                  Days
                </h4>,
              ],
              "className": "countdown-box",
            },
            "ref": null,
            "rendered": Array [
              Object {
                "instance": null,
                "key": undefined,
                "nodeType": "host",
                "props": Object {
                  "children": 1,
                  "className": "counter",
                },
                "ref": null,
                "rendered": 1,
                "type": "span",
              },
              Object {
                "instance": null,
                "key": undefined,
                "nodeType": "host",
                "props": Object {
                  "children": "Days",
                },
                "ref": null,
                "rendered": "Days",
                "type": "h4",
              },
            ],
            "type": "div",
          },
          Object {
            "instance": null,
            "key": undefined,
            "nodeType": "host",
            "props": Object {
              "children": Array [
                <span
                  className="counter"
                >
                  1
                </span>,
                <h4>
                  Hours
                </h4>,
              ],
              "className": "countdown-box",
            },
            "ref": null,
            "rendered": Array [
              Object {
                "instance": null,
                "key": undefined,
                "nodeType": "host",
                "props": Object {
                  "children": 1,
                  "className": "counter",
                },
                "ref": null,
                "rendered": 1,
                "type": "span",
              },
              Object {
                "instance": null,
                "key": undefined,
                "nodeType": "host",
                "props": Object {
                  "children": "Hours",
                },
                "ref": null,
                "rendered": "Hours",
                "type": "h4",
              },
            ],
            "type": "div",
          },
          Object {
            "instance": null,
            "key": undefined,
            "nodeType": "host",
            "props": Object {
              "children": Array [
                <span
                  className="counter"
                >
                  27
                </span>,
                <h4>
                  Minutes
                </h4>,
              ],
              "className": "countdown-box",
            },
            "ref": null,
            "rendered": Array [
              Object {
                "instance": null,
                "key": undefined,
                "nodeType": "host",
                "props": Object {
                  "children": 27,
                  "className": "counter",
                },
                "ref": null,
                "rendered": 27,
                "type": "span",
              },
              Object {
                "instance": null,
                "key": undefined,
                "nodeType": "host",
                "props": Object {
                  "children": "Minutes",
                },
                "ref": null,
                "rendered": "Minutes",
                "type": "h4",
              },
            ],
            "type": "div",
          },
          Object {
            "instance": null,
            "key": undefined,
            "nodeType": "host",
            "props": Object {
              "children": Array [
                <span
                  className="counter"
                >
                  30
                </span>,
                <h4>
                  Seconds
                </h4>,
              ],
              "className": "countdown-box",
            },
            "ref": null,
            "rendered": Array [
              Object {
                "instance": null,
                "key": undefined,
                "nodeType": "host",
                "props": Object {
                  "children": 30,
                  "className": "counter",
                },
                "ref": null,
                "rendered": 30,
                "type": "span",
              },
              Object {
                "instance": null,
                "key": undefined,
                "nodeType": "host",
                "props": Object {
                  "children": "Seconds",
                },
                "ref": null,
                "rendered": "Seconds",
                "type": "h4",
              },
            ],
            "type": "div",
          },
        ],
        "type": "div",
      },
      Object {
        "instance": null,
        "key": undefined,
        "nodeType": "class",
        "props": Object {
          "children": "Apply",
          "className": "btn btn-charity-default",
          "to": "/apply",
        },
        "ref": null,
        "rendered": "Apply",
        "type": [Function],
      },
    ],
    "type": "div",
  },
  Symbol(enzyme.__nodes__): Array [
    Object {
      "instance": null,
      "key": undefined,
      "nodeType": "host",
      "props": Object {
        "children": Array [
          <div
            className="container-countdown"
          >
            <div
              className="countdown-box"
            >
              <span
                className="counter"
              >
                1
              </span>
              <h4>
                Days
              </h4>
            </div>
            <div
              className="countdown-box"
            >
              <span
                className="counter"
              >
                1
              </span>
              <h4>
                Hours
              </h4>
            </div>
            <div
              className="countdown-box"
            >
              <span
                className="counter"
              >
                27
              </span>
              <h4>
                Minutes
              </h4>
            </div>
            <div
              className="countdown-box"
            >
              <span
                className="counter"
              >
                30
              </span>
              <h4>
                Seconds
              </h4>
            </div>
          </div>,
          <GatsbyLink
            className="btn btn-charity-default"
            to="/apply"
          >
            Apply
          </GatsbyLink>,
        ],
        "className": "col-sm-6 event_counter_container text-center",
      },
      "ref": null,
      "rendered": Array [
        Object {
          "instance": null,
          "key": undefined,
          "nodeType": "host",
          "props": Object {
            "children": Array [
              <div
                className="countdown-box"
              >
                <span
                  className="counter"
                >
                  1
                </span>
                <h4>
                  Days
                </h4>
              </div>,
              <div
                className="countdown-box"
              >
                <span
                  className="counter"
                >
                  1
                </span>
                <h4>
                  Hours
                </h4>
              </div>,
              <div
                className="countdown-box"
              >
                <span
                  className="counter"
                >
                  27
                </span>
                <h4>
                  Minutes
                </h4>
              </div>,
              <div
                className="countdown-box"
              >
                <span
                  className="counter"
                >
                  30
                </span>
                <h4>
                  Seconds
                </h4>
              </div>,
            ],
            "className": "container-countdown",
          },
          "ref": null,
          "rendered": Array [
            Object {
              "instance": null,
              "key": undefined,
              "nodeType": "host",
              "props": Object {
                "children": Array [
                  <span
                    className="counter"
                  >
                    1
                  </span>,
                  <h4>
                    Days
                  </h4>,
                ],
                "className": "countdown-box",
              },
              "ref": null,
              "rendered": Array [
                Object {
                  "instance": null,
                  "key": undefined,
                  "nodeType": "host",
                  "props": Object {
                    "children": 1,
                    "className": "counter",
                  },
                  "ref": null,
                  "rendered": 1,
                  "type": "span",
                },
                Object {
                  "instance": null,
                  "key": undefined,
                  "nodeType": "host",
                  "props": Object {
                    "children": "Days",
                  },
                  "ref": null,
                  "rendered": "Days",
                  "type": "h4",
                },
              ],
              "type": "div",
            },
            Object {
              "instance": null,
              "key": undefined,
              "nodeType": "host",
              "props": Object {
                "children": Array [
                  <span
                    className="counter"
                  >
                    1
                  </span>,
                  <h4>
                    Hours
                  </h4>,
                ],
                "className": "countdown-box",
              },
              "ref": null,
              "rendered": Array [
                Object {
                  "instance": null,
                  "key": undefined,
                  "nodeType": "host",
                  "props": Object {
                    "children": 1,
                    "className": "counter",
                  },
                  "ref": null,
                  "rendered": 1,
                  "type": "span",
                },
                Object {
                  "instance": null,
                  "key": undefined,
                  "nodeType": "host",
                  "props": Object {
                    "children": "Hours",
                  },
                  "ref": null,
                  "rendered": "Hours",
                  "type": "h4",
                },
              ],
              "type": "div",
            },
            Object {
              "instance": null,
              "key": undefined,
              "nodeType": "host",
              "props": Object {
                "children": Array [
                  <span
                    className="counter"
                  >
                    27
                  </span>,
                  <h4>
                    Minutes
                  </h4>,
                ],
                "className": "countdown-box",
              },
              "ref": null,
              "rendered": Array [
                Object {
                  "instance": null,
                  "key": undefined,
                  "nodeType": "host",
                  "props": Object {
                    "children": 27,
                    "className": "counter",
                  },
                  "ref": null,
                  "rendered": 27,
                  "type": "span",
                },
                Object {
                  "instance": null,
                  "key": undefined,
                  "nodeType": "host",
                  "props": Object {
                    "children": "Minutes",
                  },
                  "ref": null,
                  "rendered": "Minutes",
                  "type": "h4",
                },
              ],
              "type": "div",
            },
            Object {
              "instance": null,
              "key": undefined,
              "nodeType": "host",
              "props": Object {
                "children": Array [
                  <span
                    className="counter"
                  >
                    30
                  </span>,
                  <h4>
                    Seconds
                  </h4>,
                ],
                "className": "countdown-box",
              },
              "ref": null,
              "rendered": Array [
                Object {
                  "instance": null,
                  "key": undefined,
                  "nodeType": "host",
                  "props": Object {
                    "children": 30,
                    "className": "counter",
                  },
                  "ref": null,
                  "rendered": 30,
                  "type": "span",
                },
                Object {
                  "instance": null,
                  "key": undefined,
                  "nodeType": "host",
                  "props": Object {
                    "children": "Seconds",
                  },
                  "ref": null,
                  "rendered": "Seconds",
                  "type": "h4",
                },
              ],
              "type": "div",
            },
          ],
          "type": "div",
        },
        Object {
          "instance": null,
          "key": undefined,
          "nodeType": "class",
          "props": Object {
            "children": "Apply",
            "className": "btn btn-charity-default",
            "to": "/apply",
          },
          "ref": null,
          "rendered": "Apply",
          "type": [Function],
        },
      ],
      "type": "div",
    },
  ],
  Symbol(enzyme.__options__): Object {
    "adapter": ReactFifteenAdapter {
      "options": Object {
        "lifecycles": Object {
          "componentDidUpdate": Object {
            "prevContext": true,
          },
        },
        "supportPrevContextArgumentOfComponentDidUpdate": true,
      },
    },
    "ignoreLifeCycleMethods": true,
  },
}
`;
