// Jest Snapshot v1, https://goo.gl/fbAQLP

exports[`<DonateModal /> should render correctly 1`] = `
<Modal
  contentLabel="Donate"
  shouldCloseOnOverlayClick={true}
  style={
    Object {
      "content": Object {
        "bottom": "20%",
        "height": "auto",
        "top": "20%",
      },
    }
  }
>
  <iframe
    allowpaymentrequest={true}
    frameBorder={0}
    height="685px"
    name="donorbox"
    scrolling="no"
    seamless="seamless"
    src="https://donorbox.org/embed/vetswhocode-donation?show_content=true"
    style={
      Object {
        "maxHeight": "none!important",
        "maxWidth": "100%",
        "minWidth": "100%",
      }
    }
    width="100%"
  />
</Modal>
`;
