// Jest Snapshot v1, https://goo.gl/fbAQLP

exports[`<Header /> should render correctly 1`] = `
<header
  class="site-header flexslider classic"
  id="site-header"
>
  <div>
    <div />
    <ol
      class="flex-control-nav flex-control-paging"
    >
      <li>
        <a
          class=""
        >
          1
        </a>
      </li>
      <li>
        <a
          class="flex-active"
        >
          2
        </a>
      </li>
      <li>
        <a
          class=""
        >
          3
        </a>
      </li>
    </ol>
    <ul
      class="flex-direction-nav"
    >
      <li
        class="flex-nav-prev"
      >
        <a
          class="flex-prev"
          href="#"
        >
          Previous
        </a>
      </li>
      <li
        class="flex-nav-next"
      >
        <a
          class="flex-next"
          href="#"
        >
          Next
        </a>
      </li>
    </ul>
  </div>
</header>
`;
