// Jest Snapshot v1, https://goo.gl/fbAQLP

exports[`<Nav /> should render correctly 1`] = `
<nav
  class="navbar navbar-fixed-top main-navigation navbar-solid"
  id="fixedTopNav"
  itemtype="https://schema.org/SiteNavigationElement"
  role="navigation"
  style="opacity: 0.9;"
>
  <div
    class="container-fluid"
  >
    <div
      class="navbar-header"
    >
      <div
        class="navbar-brand"
        itemtype="https://schema.org/Organization"
        style="padding: 5px 15px 5px;"
      >
        <span
          class="sr-only"
        >
          #VetsWhoCode
        </span>
        <a
          aria-current="page"
          class=""
          href="/"
          id="navbar-brand"
        >
          <div
            class="homeLink"
          >
            VetsWhoCode
          </div>
        </a>
      </div>
      <button
        aria-expanded="false"
        class="navbar-toggle collapsed hamburger "
        id="hamburger-1"
        type="button"
      >
        <span
          class="line"
        />
        <span
          class="line"
        />
        <span
          class="line"
        />
        <span
          class="sr-only"
        >
          #VetsWhoCode
        </span>
      </button>
    </div>
    <div
      aria-expanded="false"
      class="navbar-collapse collapse "
      id="main-nav-collapse"
    >
      <ul
        class="nav navbar-nav navbar-right"
        id="navbar-list"
        role="menu"
      >
        <li
          class="nav"
          role="menuitem"
        >
          <span />
        </li>
        <li
          class="nav"
          role="menuitem"
        >
          <a
            aria-current="page"
            class=""
            href="/"
          >
            <span>
              Home
            </span>
          </a>
        </li>
        <li
          class="dropdown nav "
          role="menuitem"
          style="margin-right: 10px;"
        >
          <a
            aria-expanded="false"
            aria-haspopup="true"
            class="nav"
            data-toggle="dropdown"
            href="#"
            role="button"
          >
            Our Story
            <svg
              class="dropdown-caret"
              fill="currentColor"
              height="1em"
              stroke="currentColor"
              stroke-width="0"
              viewBox="0 0 1024 1024"
              width="1em"
              xmlns="http://www.w3.org/2000/svg"
            >
              <path
                d="M840.4 300H183.6c-19.7 0-30.7 20.8-18.5 35l328.4 380.8c9.4 10.9 27.5 10.9 37 0L858.9 335c12.2-14.2 1.2-35-18.5-35z"
              />
            </svg>
          </a>
          <ul
            class="dropdown-menu"
          >
            <li
              class="nav media-dropdown-item"
              role="menuitem"
            >
              <a
                href="/about"
              >
                <span>
                  About
                </span>
              </a>
            </li>
            <li
              class="nav media-dropdown-item"
              role="menuitem"
            >
              <a
                href="/board"
              >
                <span>
                  Board
                </span>
              </a>
            </li>
            <li
              class="nav"
              role="menuitem"
            >
              <a
                href="/testimonials"
              >
                <span>
                  Testimonials
                </span>
              </a>
            </li>
          </ul>
        </li>
        <li
          class="dropdown nav "
          role="menuitem"
          style="margin-right: 10px;"
        >
          <a
            aria-expanded="false"
            aria-haspopup="true"
            class="nav"
            data-toggle="dropdown"
            href="#"
            role="button"
          >
            Media
            <svg
              class="dropdown-caret"
              fill="currentColor"
              height="1em"
              stroke="currentColor"
              stroke-width="0"
              viewBox="0 0 1024 1024"
              width="1em"
              xmlns="http://www.w3.org/2000/svg"
            >
              <path
                d="M840.4 300H183.6c-19.7 0-30.7 20.8-18.5 35l328.4 380.8c9.4 10.9 27.5 10.9 37 0L858.9 335c12.2-14.2 1.2-35-18.5-35z"
              />
            </svg>
          </a>
          <ul
            class="dropdown-menu"
          >
            <li
              class="nav media-dropdown-item"
              role="menuitem"
            >
              <a
                href="/blog"
              >
                <span>
                  Blog
                </span>
              </a>
            </li>
            <li
              class="nav media-dropdown-item"
              role="menuitem"
            >
              <a
                href="/podcast"
              >
                <span>
                  Podcast
                </span>
              </a>
            </li>
          </ul>
        </li>
        <li
          class="dropdown nav "
          role="menuitem"
          style="margin-right: 10px;"
        >
          <a
            aria-expanded="false"
            aria-haspopup="true"
            class="nav"
            data-toggle="dropdown"
            href="#"
            role="button"
          >
            Apply
            <svg
              class="dropdown-caret"
              fill="currentColor"
              height="1em"
              stroke="currentColor"
              stroke-width="0"
              viewBox="0 0 1024 1024"
              width="1em"
              xmlns="http://www.w3.org/2000/svg"
            >
              <path
                d="M840.4 300H183.6c-19.7 0-30.7 20.8-18.5 35l328.4 380.8c9.4 10.9 27.5 10.9 37 0L858.9 335c12.2-14.2 1.2-35-18.5-35z"
              />
            </svg>
          </a>
          <ul
            class="dropdown-menu"
          >
            <li
              class="nav"
              role="menuitem"
            >
              <a
                href="/apply"
              >
                <span>
                  Veteran
                </span>
              </a>
            </li>
            <li
              class="nav"
              role="menuitem"
            >
              <a
                href="/mentor"
              >
                <span>
                  Mentor
                </span>
              </a>
            </li>
          </ul>
        </li>
        <li
          class="nav"
          role="menuitem"
        >
          <a
            href="/syllabus"
          >
            <span>
              Syllabus
            </span>
          </a>
        </li>
        <li
          class="nav"
          role="menuitem"
        >
          <a
            href="/jobs"
          >
            <span>
              Job Search
            </span>
          </a>
        </li>
        <li
          class="nav"
          role="menuitem"
        >
          <a
            href="/contact"
          >
            <span>
              Contact
            </span>
          </a>
        </li>
        <li
          class="donate"
          role="menuitem"
        >
          <a
            href="/donate"
          >
            <span>
              Donate
            </span>
          </a>
        </li>
      </ul>
    </div>
  </div>
</nav>
`;
